../Core/Src/main.c:147:5:main	11
../Core/Src/main.c:408:6:SystemClock_Config	3
../Core/Src/main.c:455:13:MX_ADC1_Init	4
../Core/Src/main.c:523:13:MX_FDCAN1_Init	2
../Core/Src/main.c:566:13:MX_I2C1_Init	4
../Core/Src/main.c:614:13:MX_LPUART1_UART_Init	5
../Core/Src/main.c:659:13:MX_DMA_Init	1
../Core/Src/main.c:678:13:MX_GPIO_Init	1
../Core/Src/main.c:717:6:HAL_I2C_MemRxCpltCallback	4
../Core/Src/main.c:743:6:HAL_ADC_ConvCpltCallback	3
../Core/Src/main.c:760:6:HAL_FDCAN_RxFifo0Callback	4
../Core/Src/main.c:786:6:Error_Handler	1
