../Core/Src/main.c:108:5:main	32	static
../Core/Src/main.c:232:6:SystemClock_Config	88	static
../Core/Src/main.c:279:13:MX_ADC1_Init	56	static
../Core/Src/main.c:347:13:MX_FDCAN1_Init	8	static
../Core/Src/main.c:390:13:MX_I2C1_Init	8	static
../Core/Src/main.c:438:13:MX_LPUART1_UART_Init	8	static
../Core/Src/main.c:483:13:MX_DMA_Init	16	static
../Core/Src/main.c:502:13:MX_GPIO_Init	48	static
../Core/Src/main.c:541:6:HAL_I2C_MemRxCpltCallback	16	static
../Core/Src/main.c:570:6:Error_Handler	4	static,ignoring_inline_asm
