../Core/Src/main.c:116:5:main	64	static
../Core/Src/main.c:302:6:SystemClock_Config	88	static
../Core/Src/main.c:349:13:MX_ADC1_Init	56	static
../Core/Src/main.c:417:13:MX_FDCAN1_Init	8	static
../Core/Src/main.c:460:13:MX_I2C1_Init	8	static
../Core/Src/main.c:508:13:MX_LPUART1_UART_Init	8	static
../Core/Src/main.c:553:13:MX_DMA_Init	16	static
../Core/Src/main.c:572:13:MX_GPIO_Init	48	static
../Core/Src/main.c:611:6:HAL_I2C_MemRxCpltCallback	16	static
../Core/Src/main.c:635:6:HAL_ADC_ConvCpltCallback	16	static
../Core/Src/main.c:661:6:Error_Handler	4	static,ignoring_inline_asm
