../Core/Src/main.c:167:5:main	15
../Core/Src/main.c:501:6:SystemClock_Config	3
../Core/Src/main.c:548:13:MX_ADC1_Init	4
../Core/Src/main.c:616:13:MX_FDCAN1_Init	2
../Core/Src/main.c:659:13:MX_I2C1_Init	4
../Core/Src/main.c:707:13:MX_LPUART1_UART_Init	5
../Core/Src/main.c:752:13:MX_DMA_Init	1
../Core/Src/main.c:771:13:MX_GPIO_Init	1
../Core/Src/main.c:810:6:HAL_I2C_MemRxCpltCallback	4
../Core/Src/main.c:836:6:HAL_ADC_ConvCpltCallback	3
../Core/Src/main.c:853:6:HAL_FDCAN_RxFifo0Callback	4
../Core/Src/main.c:879:6:Error_Handler	1
